NAME          MAJ:MIN RM   SIZE RO TYPE  MOUNTPOINT
sda             8:0    0    20G  0 disk  
├─sda1          8:1    0    10M  0 part  
├─sda2          8:2    0     2G  0 part  [SWAP]
├─sda3          8:3    0  14.1G  0 part  /
├─sda4          8:4    0     2G  0 part  /data
└─sda5          8:5    0     2G  0 part  /data2
